---
source: crates/schema-inference/src/analyze.rs
assertion_line: 158
expression: schema
---
{
  "$schema": "http://json-schema.org/draft-07/schema#",
  "type": "object",
  "properties": {
    "a": {
      "type": [
        "integer",
        "object"
      ],
      "properties": {
        "imaginary": {
          "type": "integer"
        },
        "real": {
          "type": "number"
        }
      }
    },
    "b": {
      "type": "array",
      "items": {
        "type": [
          "boolean",
          "object"
        ],
        "properties": {
          "harmless": {
            "type": "string"
          },
          "hurtful": {
            "type": "boolean"
          },
          "truthful": {
            "type": [
              "boolean",
              "string"
            ]
          }
        }
      }
    },
    "c": {
      "type": "object",
      "properties": {
        "even_more_optional": {
          "type": "boolean"
        },
        "inner": {
          "type": [
            "null",
            "object",
            "string"
          ],
          "properties": {
            "details": {
              "type": "string"
            }
          }
        },
        "optional": {
          "type": "array",
          "items": {
            "type": "integer"
          }
        }
      }
    },
    "x": {
      "type": "string"
    },
    "y": {
      "type": "array",
      "items": {
        "type": "string"
      }
    },
    "z": {
      "type": "null"
    }
  }
}
