---
source: crates/sources/src/scenarios/mod.rs
expression: tables
---
Sources {
    captures: [],
    collections: [
        Collection {
            scope: test://example/catalog.yaml#/collections/test,
            collection: test,
            spec: {
              "schema": "test.schema.yaml",
              "key": [
                "/a"
              ]
            },
        },
    ],
    errors: [],
    fetches: [],
    imports: [
        Import {
            scope: test://example/catalog.yaml#/collections/test/schema,
            to_resource: test://example/schema.json,
        },
    ],
    materializations: [],
    resources: [
        Resource {
            resource: test://example/catalog.yaml,
            content_type: "CATALOG",
            content: ".. binary ..",
            content_dom: {"collections":{"test":{"schema":"test.schema.yaml","key":["/a"]}}},
        },
        Resource {
            resource: test://example/test.schema.yaml,
            content_type: "CONFIG",
            content: ".. binary ..",
            content_dom: {"$defs":{"lowercase":{"$anchor":"lowercase","type":"integer"},"matches":{"$anchor":"Match_es","type":"integer"},"punctuation":{"$anchor":"Spa ce","type":"integer"}},"$id":"test://example/schema.json","type":"string"},
        },
    ],
    storage_mappings: [],
    tests: [],
}
