---
source: crates/agent/src/integration_tests/auto_discovers.rs
expression: firing_alert.error
---
auto-discover publication failed: mules/hey: location /invalid-key is unknown in schema schema://bundle
