---
source: crates/proto-flow/tests/regression.rs
expression: proto_test(msg)
---
|0a150801 12117b22 73706563 223a2263| ......{"spec":"c 00000000
|6f6e6669 67227d12 cd070801 12157b22| onfig"}.......{" 00000010
|76616c69 64617465 223a2263 6f6e6669| validate":"confi 00000020
|67227d1a 8b030a11 61636d65 436f2f63| g"}.....acmeCo/c 00000030
|6f6c6c65 6374696f 6e1a082f 6b65792f| ollection../key/ 00000040
|6f6e651a 082f6b65 792f7477 6f220b2f| one../key/two"./ 00000050
|5f6d6574 612f7575 69642a04 74797065| _meta/uuid*.type 00000060
|2a067265 67696f6e 326a0a09 2f6a736f| *.region2j../jso 00000070
|6e2f7074 72120761 2d666965 6c642001| n/ptr..a-field . 00000080
|32520a07 696e7465 6765720a 06737472| 2R..integer..str 00000090
|696e671a 131a0374 79702204 64617465| ing....typ".date 000000a0
|30b9603a 03656e63 22057469 746c652a| 0.`:.enc".title* 000000b0
|04646573 63320e7b 22646566 223a2261| .desc2.{"def":"a 000000c0
|756c7422 7d40014a 0b080111 00000000| ult"}@.J........ 000000d0
|00408fc0 3a0e7b22 61636b22 3a227472| .@..:.{"ack":"tr 000000e0
|7565227d 42127b22 77726974 65223a22| ue"}B.{"write":" 000000f0
|73636865 6d61227d 4aa3010a 12706172| schema"}J....par 00000100
|74697469 6f6e2f74 656d706c 61746510| tition/template. 00000110
|031a400a 1e0a0f65 73747561 72792e64| ..@....estuary.d 00000120
|65762f66 6f6f120b 6c616265 6c2d7661| ev/foo..label-va 00000130
|6c75650a 1e0a0f65 73747561 72792e64| lue....estuary.d 00000140
|65762f62 6172120b 6f746865 722d7661| ev/bar..other-va 00000150
|6c756522 4208e9ec 0610031a 1273333a| lue"B........s3: 00000160
|2f2f6275 636b6574 2f707265 66697822| //bucket/prefix" 00000170
|0308ac02 3207083e 1080e59a 773a1850| ....2..>....w:.P 00000180
|6174687b 7b506f73 74666978 2e54656d| ath{{Postfix.Tem 00000190
|706c6174 657d7d30 0438cfb0 f5015a11| plate}}0.8....Z. 000001a0
|7b227265 6164223a 22736368 656d6122| {"read":"schema" 000001b0
|7d22c803 0a0b7374 61626c65 5f6e616d| }"....stable_nam 000001c0
|65128b03 0a116163 6d65436f 2f636f6c| e.....acmeCo/col 000001d0
|6c656374 696f6e1a 082f6b65 792f6f6e| lection../key/on 000001e0
|651a082f 6b65792f 74776f22 0b2f5f6d| e../key/two"./_m 000001f0
|6574612f 75756964 2a047479 70652a06| eta/uuid*.type*. 00000200
|72656769 6f6e326a 0a092f6a 736f6e2f| region2j../json/ 00000210
|70747212 07612d66 69656c64 20013252| ptr..a-field .2R 00000220
|0a07696e 74656765 720a0673 7472696e| ..integer..strin 00000230
|671a131a 03747970 22046461 746530b9| g....typ".date0. 00000240
|603a0365 6e632205 7469746c 652a0464| `:.enc".title*.d 00000250
|65736332 0e7b2264 6566223a 2261756c| esc2.{"def":"aul 00000260
|74227d40 014a0b08 01110000 00000040| t"}@.J.........@ 00000270
|8fc03a0e 7b226163 6b223a22 74727565| ..:.{"ack":"true 00000280
|227d4212 7b227772 69746522 3a227363| "}B.{"write":"sc 00000290
|68656d61 227d4aa3 010a1270 61727469| hema"}J....parti 000002a0
|74696f6e 2f74656d 706c6174 6510031a| tion/template... 000002b0
|400a1e0a 0f657374 75617279 2e646576| @....estuary.dev 000002c0
|2f666f6f 120b6c61 62656c2d 76616c75| /foo..label-valu 000002d0
|650a1e0a 0f657374 75617279 2e646576| e....estuary.dev 000002e0
|2f626172 120b6f74 6865722d 76616c75| /bar..other-valu 000002f0
|65224208 e9ec0610 031a1273 333a2f2f| e"B........s3:// 00000300
|6275636b 65742f70 72656669 78220308| bucket/prefix".. 00000310
|ac023207 083e1080 e59a773a 18506174| ..2..>....w:.Pat 00000320
|687b7b50 6f737466 69782e54 656d706c| h{{Postfix.Templ 00000330
|6174657d 7d300438 cfb0f501 5a117b22| ate}}0.8....Z.{" 00000340
|72656164 223a2273 6368656d 61227d1a| read":"schema"}. 00000350
|147b2273 68756666 6c65223a 22636f6e| .{"shuffle":"con 00000360
|66696722 7d22137b 226c616d 62646122| fig"}".{"lambda" 00000370
|3a22636f 6e666967 227d2802 2a020102| :"config"}(.*... 00000380
|32146669 6c653a2f 2f2f7072 6f6a6563| 2.file:///projec 00000390
|742f726f 6f743a32 0a182f75 73696e67| t/root:2../using 000003a0
|2f747970 65736372 6970742f 6d6f6475| /typescript/modu 000003b0
|6c651216 66696c65 3a2f2f2f 70617468| le..file:///path 000003c0
|2f746f2f 696d706f 72744a0b 30303a31| /to/importJ.00:1 000003d0
|313a3232 3a33331a cd030a8b 030a1161| 1:22:33........a 000003e0
|636d6543 6f2f636f 6c6c6563 74696f6e| cmeCo/collection 000003f0
|1a082f6b 65792f6f 6e651a08 2f6b6579| ../key/one../key 00000400
|2f74776f 220b2f5f 6d657461 2f757569| /two"./_meta/uui 00000410
|642a0474 7970652a 06726567 696f6e32| d*.type*.region2 00000420
|6a0a092f 6a736f6e 2f707472 1207612d| j../json/ptr..a- 00000430
|6669656c 64200132 520a0769 6e746567| field .2R..integ 00000440
|65720a06 73747269 6e671a13 1a037479| er..string....ty 00000450
|70220464 61746530 b9603a03 656e6322| p".date0.`:.enc" 00000460
|05746974 6c652a04 64657363 320e7b22| .title*.desc2.{" 00000470
|64656622 3a226175 6c74227d 40014a0b| def":"ault"}@.J. 00000480
|08011100 00000000 408fc03a 0e7b2261| ........@..:.{"a 00000490
|636b223a 22747275 65227d42 127b2277| ck":"true"}B.{"w 000004a0
|72697465 223a2273 6368656d 61227d4a| rite":"schema"}J 000004b0
|a3010a12 70617274 6974696f 6e2f7465| ....partition/te 000004c0
|6d706c61 74651003 1a400a1e 0a0f6573| mplate...@....es 000004d0
|74756172 792e6465 762f666f 6f120b6c| tuary.dev/foo..l 000004e0
|6162656c 2d76616c 75650a1e 0a0f6573| abel-value....es 000004f0
|74756172 792e6465 762f6261 72120b6f| tuary.dev/bar..o 00000500
|74686572 2d76616c 75652242 08e9ec06| ther-value"B.... 00000510
|10031a12 73333a2f 2f627563 6b65742f| ....s3://bucket/ 00000520
|70726566 69782203 08ac0232 07083e10| prefix"....2..>. 00000530
|80e59a77 3a185061 74687b7b 506f7374| ...w:.Path{{Post 00000540
|6669782e 54656d70 6c617465 7d7d3004| fix.Template}}0. 00000550
|38cfb0f5 015a117b 22726561 64223a22| 8....Z.{"read":" 00000560
|73636865 6d61227d 120b3131 3a32323a| schema"}..11:22: 00000570
|33333a34 341a1415 33221100 1d776655| 33:44...3"...wfU 00000580
|4425bbaa 99882dff eeddcc2a 1a7b2263| D%....-....*.{"c 00000590
|6f6e6e65 63746f72 223a7b22 73746174| onnector":{"stat 000005a0
|65223a34 327d7d22 3e080212 1209d204| e":42}}">....... 000005b0
|00000000 0000112e 16000000 0000001a| ................ 000005c0
|160a095b 74727565 2c33325d 1204564b| ...[true,32]..VK 000005d0
|1e091885 c39f1522 0e7b2272 65616422| .......".{"read" 000005e0
|3a22646f 63227d2a 0032660a 640a4a0a| :"doc"}*.2f.d.J. 000005f0
|15612f72 6561642f 6a6f7572 6e616c3b| .a/read/journal; 00000600
|73756666 69781231 08b96012 150a0503| suffix.1..`..... 00000610
|09080507 120c09e3 21000000 00000010| ........!....... 00000620
|d7081215 0a05070c 662b1d12 0c093501| ........f+....5. 00000630
|00000000 000010ae 1112160a 0e616e2f| .............an/ 00000640
|61636b2f 6a6f7572 6e616c12 04030402| ack/journal..... 00000650
|053a00a2 06061202 48691801|          .:......Hi..     00000660
                                                       0000066c
