---
source: crates/proto-flow/tests/regression.rs
expression: proto_test(msg)
---
|0a0e6163 6d65436f 2f636170 74757265| ..acmeCo/capture 00000000
|10071a19 7b226361 70747572 65223a7b| ....{"capture":{ 00000010
|22636f6e 66696722 3a34327d 7d22cb03| "config":42}}".. 00000020
|0a157b22 7265736f 75726365 223a2263| ..{"resource":"c 00000030
|6f6e6669 67227d12 04736f6d 65120470| onfig"}..some..p 00000040
|6174681a 8b030a11 61636d65 436f2f63| ath.....acmeCo/c 00000050
|6f6c6c65 6374696f 6e1a082f 6b65792f| ollection../key/ 00000060
|6f6e651a 082f6b65 792f7477 6f220b2f| one../key/two"./ 00000070
|5f6d6574 612f7575 69642a04 74797065| _meta/uuid*.type 00000080
|2a067265 67696f6e 326a0a09 2f6a736f| *.region2j../jso 00000090
|6e2f7074 72120761 2d666965 6c642001| n/ptr..a-field . 000000a0
|32520a07 696e7465 6765720a 06737472| 2R..integer..str 000000b0
|696e671a 131a0374 79702204 64617465| ing....typ".date 000000c0
|30b9603a 03656e63 22057469 746c652a| 0.`:.enc".title* 000000d0
|04646573 63320e7b 22646566 223a2261| .desc2.{"def":"a 000000e0
|756c7422 7d40014a 0b080111 00000000| ult"}@.J........ 000000f0
|00408fc0 3a0e7b22 61636b22 3a227472| .@..:.{"ack":"tr 00000100
|7565227d 42127b22 77726974 65223a22| ue"}B.{"write":" 00000110
|73636865 6d61227d 4aa3010a 12706172| schema"}J....par 00000120
|74697469 6f6e2f74 656d706c 61746510| tition/template. 00000130
|031a400a 1e0a0f65 73747561 72792e64| ..@....estuary.d 00000140
|65762f66 6f6f120b 6c616265 6c2d7661| ev/foo..label-va 00000150
|6c75650a 1e0a0f65 73747561 72792e64| lue....estuary.d 00000160
|65762f62 6172120b 6f746865 722d7661| ev/bar..other-va 00000170
|6c756522 4208e9ec 0610031a 1273333a| lue"B........s3: 00000180
|2f2f6275 636b6574 2f707265 66697822| //bucket/prefix" 00000190
|0308ac02 3207083e 1080e59a 773a1850| ....2..>....w:.P 000001a0
|6174687b 7b506f73 74666978 2e54656d| ath{{Postfix.Tem 000001b0
|706c6174 657d7d30 0438cfb0 f5015a11| plate}}0.8....Z. 000001c0
|7b227265 6164223a 22736368 656d6122| {"read":"schema" 000001d0
|7d20032a 16612532 46636463 25324674| } .*.a%2Fcdc%2Ft 000001e0
|61626c65 2b62617a 2e763328 ac023280| able+baz.v3(..2. 000001f0
|010a0e73 68617264 2f74656d 706c6174| ...shard/templat 00000200
|651a0f72 65636f76 6572792f 70726566| e..recovery/pref 00000210
|6978220b 68696e74 2f707265 66697828| ix".hint/prefix( 00000220
|03320208 3c480152 400a1e0a 0f657374| .2..<H.R@....est 00000230
|75617279 2e646576 2f666f6f 120b6c61| uary.dev/foo..la 00000240
|62656c2d 76616c75 650a1e0a 0f657374| bel-value....est 00000250
|75617279 2e646576 2f626172 120b6f74| uary.dev/bar..ot 00000260
|6865722d 76616c75 65608cdc 0268e9ec| her-value`...h.. 00000270
|063a380a 11726563 6f766572 792f7465| .:8..recovery/te 00000280
|6d706c61 74651003 22210880 80401004| mplate.."!...@.. 00000290
|1a147333 3a2f2f62 75636b65 742f7265| ..s3://bucket/re 000002a0
|636f7665 72792203 08ac0242 0c08903f| covery"....B...? 000002b0
|12056874 74707318 01420308 a846|     ..https..B...F   000002c0
                                                       000002ce
