---
source: crates/validation/tests/scenario_tests.rs
expression: errors
---
[
    Error {
        scope: test://example/int-string#/collections/testing~1int-string-rw/key/1,
        error: location /len is unknown in schema test://example/int-string.schema,
    },
    Error {
        scope: test://example/int-string#/collections/testing~1int-string-rw/key/2,
        error: location /missing-in-read-and-write-schemas is unknown in schema test://example/int-string.schema,
    },
]
