---
source: crates/validation/tests/scenario_tests.rs
expression: errors
---
[
    Error {
        scope: test://example/db-views#/materializations/testing~1db-views/bindings/0,
        error: collection testiNg/int-strinK, referenced by this materialization binding, is not defined; did you mean testing/int-string defined at test://example/int-string#/collections/testing~1int-string ?,
    },
    Error {
        scope: test://example/db-views#/materializations/testing~1db-views/bindings/1,
        error: collection wildly/off/name, referenced by this materialization binding, is not defined,
    },
]
