---
source: src/catalog/inference.rs
expression: actual
---
[
  [
    "test://schema.yaml",
    "",
    [
      "object"
    ],
    true,
    null,
    null,
    null,
    null,
    null,
    null
  ],
  [
    "test://schema.yaml",
    "/a",
    [
      "object"
    ],
    true,
    null,
    null,
    null,
    null,
    null,
    null
  ],
  [
    "test://schema.yaml",
    "/a/a",
    [
      "string"
    ],
    true,
    null,
    null,
    null,
    null,
    null,
    null
  ],
  [
    "test://schema.yaml",
    "/a/b",
    [
      "boolean"
    ],
    true,
    null,
    null,
    null,
    null,
    null,
    null
  ],
  [
    "test://schema.yaml",
    "/a/c",
    [
      "integer"
    ],
    false,
    "the C title",
    "the C description",
    null,
    null,
    null,
    null
  ],
  [
    "test://schema.yaml",
    "/a/d",
    [
      "number"
    ],
    false,
    null,
    null,
    null,
    null,
    null,
    null
  ]
]
