---
source: crates/validation/tests/scenario_tests.rs
expression: errors

---
[
    Error {
        scope: test://example/int-string#/npmDependencies/pkg-2,
        error: package pkg-2 is repeated with incompatible versions "differ ent" here, vs "different" at test://example/catalog.yaml#/npmDependencies/pkg-2,
    },
]
