---
source: crates/validation/tests/scenario_tests.rs
expression: errors
---
[
    Error {
        scope: test://example/webhook-deliveries#/materializations/testing~1webhook~1deliveries,
        error: A driver error!,
    },
]
