---
source: crates/validation/tests/scenario_tests.rs
expression: errors
---
[
    Error {
        scope: test://example/array-key#/collections/testing~1array-key,
        error: collection testing/array-key recovery storage mapping recovery/testing/ has data planes ["ops/dp/public/test-other"], which doesn't match mapping testing/ planes ["ops/dp/public/test-1d1d1d1d1d1d1d1d"],
    },
    Error {
        scope: test://example/from-array-key#/collections/testing~1from-array-key,
        error: collection testing/from-array-key recovery storage mapping recovery/testing/ has data planes ["ops/dp/public/test-other"], which doesn't match mapping testing/ planes ["ops/dp/public/test-1d1d1d1d1d1d1d1d"],
    },
    Error {
        scope: test://example/int-halve#/collections/testing~1int-halve,
        error: collection testing/int-halve recovery storage mapping recovery/testing/ has data planes ["ops/dp/public/test-other"], which doesn't match mapping testing/ planes ["ops/dp/public/test-1d1d1d1d1d1d1d1d"],
    },
    Error {
        scope: test://example/int-reverse#/collections/testing~1int-reverse,
        error: collection testing/int-reverse recovery storage mapping recovery/testing/ has data planes ["ops/dp/public/test-other"], which doesn't match mapping testing/ planes ["ops/dp/public/test-1d1d1d1d1d1d1d1d"],
    },
    Error {
        scope: test://example/int-string#/collections/testing~1int-string,
        error: collection testing/int-string recovery storage mapping recovery/testing/ has data planes ["ops/dp/public/test-other"], which doesn't match mapping testing/ planes ["ops/dp/public/test-1d1d1d1d1d1d1d1d"],
    },
    Error {
        scope: test://example/int-string#/collections/testing~1int-string-ref-write-schema,
        error: collection testing/int-string-ref-write-schema recovery storage mapping recovery/testing/ has data planes ["ops/dp/public/test-other"], which doesn't match mapping testing/ planes ["ops/dp/public/test-1d1d1d1d1d1d1d1d"],
    },
    Error {
        scope: test://example/int-string#/collections/testing~1int-string-rw,
        error: collection testing/int-string-rw recovery storage mapping recovery/testing/ has data planes ["ops/dp/public/test-other"], which doesn't match mapping testing/ planes ["ops/dp/public/test-1d1d1d1d1d1d1d1d"],
    },
    Error {
        scope: test://example/int-string#/collections/testing~1int-string.v2,
        error: collection testing/int-string.v2 recovery storage mapping recovery/testing/ has data planes ["ops/dp/public/test-other"], which doesn't match mapping testing/ planes ["ops/dp/public/test-1d1d1d1d1d1d1d1d"],
    },
    Error {
        scope: test://example/int-string-tests#/tests/testing~1test,
        error: test testing/test recovery storage mapping recovery/testing/ has data planes ["ops/dp/public/test-other"], which doesn't match mapping testing/ planes ["ops/dp/public/test-1d1d1d1d1d1d1d1d"],
    },
    Error {
        scope: test://example/int-string-captures#/captures/testing~1db-cdc,
        error: capture testing/db-cdc recovery storage mapping recovery/testing/ has data planes ["ops/dp/public/test-other"], which doesn't match mapping testing/ planes ["ops/dp/public/test-1d1d1d1d1d1d1d1d"],
    },
    Error {
        scope: test://example/int-string-captures#/captures/testing~1s3-source,
        error: capture testing/s3-source recovery storage mapping recovery/testing/ has data planes ["ops/dp/public/test-other"], which doesn't match mapping testing/ planes ["ops/dp/public/test-1d1d1d1d1d1d1d1d"],
    },
    Error {
        scope: test://example/db-views#/materializations/testing~1db-views,
        error: materialization testing/db-views recovery storage mapping recovery/testing/ has data planes ["ops/dp/public/test-other"], which doesn't match mapping testing/ planes ["ops/dp/public/test-1d1d1d1d1d1d1d1d"],
    },
    Error {
        scope: test://example/webhook-deliveries#/materializations/testing~1webhook~1deliveries,
        error: materialization testing/webhook/deliveries recovery storage mapping recovery/testing/ has data planes ["ops/dp/public/test-other"], which doesn't match mapping testing/ planes ["ops/dp/public/test-1d1d1d1d1d1d1d1d"],
    },
]
